Starting project at C:\Users\user\Documents\angular\Pokedex Lite\pokedex-lite
React Compiler enabled
Starting Metro Bundler

› Opening exp://192.168.1.19:8082 on pokedex
Waiting on http://localhost:8082

An update for expo is available: 57.0.21 → ~57.0.24
12 other packages may need updating. Run npx expo install --check for details.
Logs for your project will appear below.
Web Bundled 10246ms node_modules\expo-router\entry.js (876 modules)
λ Bundled 10355ms node_modules\expo\node_modules\@expo\cli\node_modules\@expo\router-server\node\render.js (927 modules)
Web Bundled 2042ms node_modules\expo-router\entry.js (863 modules)
Web  INFO  %cDownload the React DevTools for a better development experience: https://react.dev/link/react-devtools font-weight:bold
Web  LOG  Running application "main" with appParams:
 {"hydrate": undefined, "rootTag": "#root"} 
Development-level warnings: ON.
Performance optimizations: OFF.
Android Bundled 92256ms node_modules\expo-router\entry.js (1416 modules)
λ Bundled 3312ms node_modules\expo\node_modules\@expo\cli\node_modules\@expo\router-server\node\render.js (1 module)
Web Bundled 4123ms node_modules\expo-router\entry.js (1 module)
Web Bundled 117ms node_modules\expo-router\entry.js (1 module)
Web  INFO  %cDownload the React DevTools for a better development experience: https://react.dev/link/react-devtools font-weight:bold
Web  LOG  Running application "main" with appParams:
 {"hydrate": undefined, "rootTag": "#root"} 
Development-level warnings: ON.
Performance optimizations: OFF.
λ Bundled 3685ms node_modules\expo\node_modules\@expo\cli\node_modules\@expo\router-server\node\render.js (1 module)
Web Bundled 4613ms node_modules\expo-router\entry.js (1 module)
λ Bundled 80ms node_modules\expo\node_modules\@expo\cli\node_modules\@expo\router-server\node\render.js (1 module)
Web Bundled 676ms node_modules\expo-router\entry.js (1 module)
Web Bundled 1147ms node_modules\expo-router\entry.js (1 module)
